// Jest Snapshot v1, https://goo.gl/fbAQLP

exports[`Component Foo renders correctly: rendered 1`] = `
<div>
  This is the component version
</div>
`;
