// Jest Snapshot v1, https://goo.gl/fbAQLP

exports[`Component With Context renders 1`] = `
<div
  style={
    Object {
      "backgroundColor": "#f1f1f1",
      "color": "#222",
    }
  }
>
  Bar Component
</div>
`;
