// Jest Snapshot v1, https://goo.gl/fbAQLP

exports[`Component Doo Bar renders 1`] = `
<div>
  Bar Component
</div>
`;

exports[`Component Doo Bar renders1 with really long name there it is 1`] = `
<div>
  Bar Component
</div>
`;
